test_closed_trade_cannot_create_active_plan (test_active_position_contract.ActivePositionContractTests.test_closed_trade_cannot_create_active_plan) ... ok
test_open_position_becomes_the_only_management_plan (test_active_position_contract.ActivePositionContractTests.test_open_position_becomes_the_only_management_plan) ... ok
test_adaptive_vector_is_finite_and_stable (test_adaptive.AdaptiveLearningTests.test_adaptive_vector_is_finite_and_stable) ... ok
test_binary_learner_updates_incrementally (test_adaptive.AdaptiveLearningTests.test_binary_learner_updates_incrementally) ... ok
test_champion_change_rebuilds_all_online_learners (test_adaptive.AdaptiveLearningTests.test_champion_change_rebuilds_all_online_learners) ... ok
test_final_trade_economics_uses_one_gap_aware_risk_budget (test_aggressive_risk_contract.AggressiveRiskContractTests.test_final_trade_economics_uses_one_gap_aware_risk_budget) ... ok
test_new_position_persists_policy_and_risk_contract (test_aggressive_risk_contract.AggressiveRiskContractTests.test_new_position_persists_policy_and_risk_contract) ... ok
test_close_back_below_long_level_is_false_breakout (test_breakout_labels.BreakoutLabelTests.test_close_back_below_long_level_is_false_breakout) ... ok
test_level_hold_with_positive_move_is_successful (test_breakout_labels.BreakoutLabelTests.test_level_hold_with_positive_move_is_successful) ... ok
test_small_move_above_level_is_neutral_not_false (test_breakout_labels.BreakoutLabelTests.test_small_move_above_level_is_neutral_not_false) ... ok
test_event_and_two_previous_candles_are_attached (test_candle_context.CandleContextTests.test_event_and_two_previous_candles_are_attached) ... ok
test_features_are_prefix_stable_and_do_not_use_future_candles (test_candle_context.CandleContextTests.test_features_are_prefix_stable_and_do_not_use_future_candles) ... ok
test_raw_context_contains_shadows_and_exact_roles (test_candle_context.CandleContextTests.test_raw_context_contains_shadows_and_exact_roles) ... ok
test_legacy_position_vector_is_migrated_once (test_context_trade_features.ContextTradeFeatureTests.test_legacy_position_vector_is_migrated_once) ... ok
test_missing_context_uses_finite_neutral_defaults (test_context_trade_features.ContextTradeFeatureTests.test_missing_context_uses_finite_neutral_defaults) ... ok
test_online_vector_appends_causal_candle_shape (test_context_trade_features.ContextTradeFeatureTests.test_online_vector_appends_causal_candle_shape) ... ok
test_components_run_once_in_locked_order (test_dashboard_orchestrator.DashboardOrchestratorTests.test_components_run_once_in_locked_order) ... ok
test_failure_stops_later_components (test_dashboard_orchestrator.DashboardOrchestratorTests.test_failure_stops_later_components) ... ok
test_resilience_panel_uses_position_ledger_anchor (test_dashboard_orchestrator.DashboardOrchestratorTests.test_resilience_panel_uses_position_ledger_anchor) ... ok
test_direction_is_primary_and_interval_is_secondary (test_dashboard_outcomes.DashboardOutcomeTests.test_direction_is_primary_and_interval_is_secondary) ... ok
test_legacy_direction_only_forecast_is_not_scored (test_dashboard_outcomes.DashboardOutcomeTests.test_legacy_direction_only_forecast_is_not_scored) ... ok
test_legacy_range_contract_keeps_interval_but_skips_direction (test_dashboard_outcomes.DashboardOutcomeTests.test_legacy_range_contract_keeps_interval_but_skips_direction) ... ok
test_resolved_outcome_is_immutable (test_dashboard_outcomes.DashboardOutcomeTests.test_resolved_outcome_is_immutable) ... ok
test_target_stays_pending_before_candle_close (test_dashboard_outcomes.DashboardOutcomeTests.test_target_stays_pending_before_candle_close) ... ok
test_wrong_direction_can_still_be_inside_interval (test_dashboard_outcomes.DashboardOutcomeTests.test_wrong_direction_can_still_be_inside_interval) ... ok
test_directional_labels_use_separate_formulas (test_directional_events.DirectionalEventTests.test_directional_labels_use_separate_formulas) ... ok
test_inventory_fails_instead_of_oversampling (test_directional_events.DirectionalEventTests.test_inventory_fails_instead_of_oversampling) ... ok
test_mining_is_deterministic (test_directional_events.DirectionalEventTests.test_mining_is_deterministic) ... ok
test_resistance_crossing_creates_one_long_event (test_directional_events.DirectionalEventTests.test_resistance_crossing_creates_one_long_event) ... ok
test_support_crossing_creates_one_short_event (test_directional_events.DirectionalEventTests.test_support_crossing_creates_one_short_event) ... ok
test_calibration_mapping_is_bounded (test_economic_validation.EconomicValidationTests.test_calibration_mapping_is_bounded) ... ok
test_candidate_requires_promotion_margin (test_economic_validation.EconomicValidationTests.test_candidate_requires_promotion_margin) ... ok
test_economic_gate_can_qualify_stable_cost_aware_edge (test_economic_validation.EconomicValidationTests.test_economic_gate_can_qualify_stable_cost_aware_edge) ... ok
test_failed_candidate_never_replaces_incumbent (test_economic_validation.EconomicValidationTests.test_failed_candidate_never_replaces_incumbent) ... ok
test_chart_is_price_first_and_gap_aware (test_elegant_chart_dashboard.ElegantChartDashboardTests.test_chart_is_price_first_and_gap_aware) ... ok
test_mobile_chart_reduces_labels_without_hiding_price_path (test_elegant_chart_dashboard.ElegantChartDashboardTests.test_mobile_chart_reduces_labels_without_hiding_price_path) ... ok
test_theme_tokens_use_single_formal_palette (test_elegant_chart_dashboard.ElegantChartDashboardTests.test_theme_tokens_use_single_formal_palette) ... ok
test_fresh_quote_rebases_trade_entry_but_not_source_close (test_execution_entry.ExecutionEntryTests.test_fresh_quote_rebases_trade_entry_but_not_source_close) ... ok
test_stale_quote_is_rejected (test_execution_entry.ExecutionEntryTests.test_stale_quote_is_rejected) ... ok
test_exact_hour_entry_can_use_that_hour (test_execution_path.ExecutionPathTests.test_exact_hour_entry_can_use_that_hour) ... ok
test_first_full_candle_gap_stop_has_open_fill_time (test_execution_path.ExecutionPathTests.test_first_full_candle_gap_stop_has_open_fill_time) ... ok
test_first_full_post_entry_candle_can_resolve_target (test_execution_path.ExecutionPathTests.test_first_full_post_entry_candle_can_resolve_target) ... ok
test_partial_entry_candle_is_skipped (test_execution_path.ExecutionPathTests.test_partial_entry_candle_is_skipped) ... ok
test_retraced_long_candle_does_not_arm_unmarketable_stop (test_execution_path.ExecutionPathTests.test_retraced_long_candle_does_not_arm_unmarketable_stop) ... ok
test_retraced_short_candle_does_not_arm_unmarketable_stop (test_execution_path.ExecutionPathTests.test_retraced_short_candle_does_not_arm_unmarketable_stop) ... ok
test_valid_long_and_short_trailing_stops_still_advance (test_execution_path.ExecutionPathTests.test_valid_long_and_short_trailing_stops_still_advance) ... ok
test_close_based_labels_use_source_and_future_closes (test_forecast_contract.ForecastContractTests.test_close_based_labels_use_source_and_future_closes) ... ok
test_contract_targets_next_close_and_preserves_model_fusion (test_forecast_contract.ForecastContractTests.test_contract_targets_next_close_and_preserves_model_fusion) ... ok
test_direction_is_always_up_or_down (test_forecast_contract.ForecastContractTests.test_direction_is_always_up_or_down) ... ok
test_internal_return_alignment_does_not_publish_exact_close (test_forecast_contract.ForecastContractTests.test_internal_return_alignment_does_not_publish_exact_close) ... ok
test_live_conformal_interval_requires_stable_sample_count (test_forecast_contract.ForecastContractTests.test_live_conformal_interval_requires_stable_sample_count) ... ok
test_recent_volatility_prevents_an_unrealistically_narrow_range (test_forecast_contract.ForecastContractTests.test_recent_volatility_prevents_an_unrealistically_narrow_range) ... ok
test_legacy_runtime_policy_name_is_normalized_recursively (test_github_common.GithubCommonTests.test_legacy_runtime_policy_name_is_normalized_recursively) ... ok
test_high_confidence_loss_pattern_is_vetoed (test_github_runtime_loss_memory.GithubRuntimeLossMemoryTests.test_high_confidence_loss_pattern_is_vetoed) ... ok
test_loss_model_without_repeated_bad_neighbors_does_not_veto (test_github_runtime_loss_memory.GithubRuntimeLossMemoryTests.test_loss_model_without_repeated_bad_neighbors_does_not_veto) ... ok
test_low_quality_model_only_entry_is_vetoed (test_github_runtime_loss_memory.GithubRuntimeLossMemoryTests.test_low_quality_model_only_entry_is_vetoed) ... ok
test_position_decision_exposes_profit_first_metrics (test_github_runtime_loss_memory.GithubRuntimeLossMemoryTests.test_position_decision_exposes_profit_first_metrics) ... ok
test_profitable_pattern_remains_actionable (test_github_runtime_loss_memory.GithubRuntimeLossMemoryTests.test_profitable_pattern_remains_actionable) ... ok
test_profitable_stop_is_learned_as_profit (test_github_runtime_loss_memory.GithubRuntimeLossMemoryTests.test_profitable_stop_is_learned_as_profit) ... ok
test_reasonable_model_only_entry_is_not_vetoed (test_github_runtime_loss_memory.GithubRuntimeLossMemoryTests.test_reasonable_model_only_entry_is_not_vetoed) ... ok
test_modified_source_does_not_keep_stale_replay (test_historical_reassessment.HistoricalReassessmentTests.test_modified_source_does_not_keep_stale_replay) ... ok
test_preserves_raw_records_and_tracks_replay_separately (test_historical_reassessment.HistoricalReassessmentTests.test_preserves_raw_records_and_tracks_replay_separately) ... ok
test_rollover_preserves_prior_estimates (test_historical_reassessment.HistoricalReassessmentTests.test_rollover_preserves_prior_estimates) ... ok
test_existing_forecast_is_preserved_for_duplicate_run (test_hourly_forecast_history.HourlyForecastHistoryTests.test_existing_forecast_is_preserved_for_duplicate_run) ... ok
test_legacy_record_can_be_replaced_by_new_contract (test_hourly_forecast_history.HourlyForecastHistoryTests.test_legacy_record_can_be_replaced_by_new_contract) ... ok
test_forecast_reference_is_only_last_fallback (test_market_price_dashboard.MarketPriceDashboardTests.test_forecast_reference_is_only_last_fallback) ... ok
test_latest_chart_close_does_not_depend_on_forecast (test_market_price_dashboard.MarketPriceDashboardTests.test_latest_chart_close_does_not_depend_on_forecast) ... ok
test_converging_pivots_form_a_triangle (test_market_structure.MarketStructureTests.test_converging_pivots_form_a_triangle) ... ok
test_pivot_requires_right_side_confirmation (test_market_structure.MarketStructureTests.test_pivot_requires_right_side_confirmation) ... ok
test_price_already_above_resistance_is_not_a_new_breakout (test_market_structure.MarketStructureTests.test_price_already_above_resistance_is_not_a_new_breakout) ... ok
test_price_already_below_support_is_not_a_new_breakdown (test_market_structure.MarketStructureTests.test_price_already_below_support_is_not_a_new_breakdown) ... ok
test_resistance_breakout_creates_long_event (test_market_structure.MarketStructureTests.test_resistance_breakout_creates_long_event) ... ok
test_structure_features_are_prefix_stable (test_market_structure.MarketStructureTests.test_structure_features_are_prefix_stable) ... ok
test_support_breakdown_creates_short_event (test_market_structure.MarketStructureTests.test_support_breakdown_creates_short_event) ... ok
test_fast_engine_matches_reference_engine (test_market_structure_fast.FastMarketStructureTests.test_fast_engine_matches_reference_engine) ... ok
test_bloom_and_bad_pattern_evidence_reduce_but_do_not_zero_risk (test_negative_memory.NegativeMemoryTests.test_bloom_and_bad_pattern_evidence_reduce_but_do_not_zero_risk) ... ok
test_bloom_filter_never_misses_inserted_keys (test_negative_memory.NegativeMemoryTests.test_bloom_filter_never_misses_inserted_keys) ... ok
test_boundary_context_follows_approach_direction (test_negative_memory.NegativeMemoryTests.test_boundary_context_follows_approach_direction) ... ok
test_fingerprint_is_stable_and_side_specific (test_negative_memory.NegativeMemoryTests.test_fingerprint_is_stable_and_side_specific) ... ok
test_no_memory_flags_leave_risk_unchanged (test_negative_memory.NegativeMemoryTests.test_no_memory_flags_leave_risk_unchanged) ... ok
test_open_trades_do_not_count_as_closed_opportunities (test_paper_policy_attribution.PaperPolicyAttributionTests.test_open_trades_do_not_count_as_closed_opportunities) ... ok
test_partial_price_history_is_reported_not_fabricated (test_paper_policy_attribution.PaperPolicyAttributionTests.test_partial_price_history_is_reported_not_fabricated) ... ok
test_profit_factor_without_losses_is_undefined (test_paper_policy_attribution.PaperPolicyAttributionTests.test_profit_factor_without_losses_is_undefined) ... ok
test_reject_duplicate_trade_ids_and_nonfinite_pnl (test_paper_policy_attribution.PaperPolicyAttributionTests.test_reject_duplicate_trade_ids_and_nonfinite_pnl) ... ok
test_same_opportunities_separate_retained_and_excluded (test_paper_policy_attribution.PaperPolicyAttributionTests.test_same_opportunities_separate_retained_and_excluded) ... ok
test_canonical_aggressive_policy_configuration (test_policy_configuration.PolicyConfigurationTests.test_canonical_aggressive_policy_configuration) ... ok
test_github_runtime_keeps_canonical_strategy_configuration (test_policy_configuration.PolicyConfigurationTests.test_github_runtime_keeps_canonical_strategy_configuration) ... ok
test_negative_memory_uses_its_runtime_mode_not_removed_toggle (test_policy_configuration.PolicyConfigurationTests.test_negative_memory_uses_its_runtime_mode_not_removed_toggle) ... ok
test_release_versions_are_aligned (test_policy_configuration.PolicyConfigurationTests.test_release_versions_are_aligned) ... ok
test_online_model_has_no_weight_before_minimum_samples (test_price_adaptive.PriceAdaptiveTests.test_online_model_has_no_weight_before_minimum_samples) ... ok
test_online_model_receives_weight_only_when_better (test_price_adaptive.PriceAdaptiveTests.test_online_model_receives_weight_only_when_better) ... ok
test_price_vector_is_finite_and_bounded (test_price_adaptive.PriceAdaptiveTests.test_price_vector_is_finite_and_bounded) ... ok
test_support_only_rejects_weak_online_accuracy (test_price_adaptive.PriceAdaptiveTests.test_support_only_rejects_weak_online_accuracy) ... ok
test_support_only_weight_is_small_when_directions_agree (test_price_adaptive.PriceAdaptiveTests.test_support_only_weight_is_small_when_directions_agree) ... ok
test_support_only_weight_is_zero_when_directions_disagree (test_price_adaptive.PriceAdaptiveTests.test_support_only_weight_is_zero_when_directions_disagree) ... ok
test_support_probability_caps_overconfidence (test_price_adaptive.PriceAdaptiveTests.test_support_probability_caps_overconfidence) ... ok
test_worse_online_model_gets_zero_primary_weight (test_price_adaptive.PriceAdaptiveTests.test_worse_online_model_gets_zero_primary_weight) ... ok
test_missing_or_invalid_multiplier_defaults_to_one (test_price_adaptive_sample_weight.PriceAdaptiveSampleWeightTests.test_missing_or_invalid_multiplier_defaults_to_one) ... ok
test_multiplier_is_preserved (test_price_adaptive_sample_weight.PriceAdaptiveSampleWeightTests.test_multiplier_is_preserved) ... ok
test_compare_requires_identical_opportunities (test_recorded_exit_replay.RecordedExitReplayTests.test_compare_requires_identical_opportunities) ... ok
test_missing_intrahour_history_is_never_silently_filled (test_recorded_exit_replay.RecordedExitReplayTests.test_missing_intrahour_history_is_never_silently_filled) ... ok
test_replay_resets_realized_trade_and_skips_partial_entry_hour (test_recorded_exit_replay.RecordedExitReplayTests.test_replay_resets_realized_trade_and_skips_partial_entry_hour) ... ok
test_all_release_versions_match (test_repository_consistency.RepositoryConsistencyTests.test_all_release_versions_match) ... ok
test_canonical_runtime_contract_modules_exist (test_repository_consistency.RepositoryConsistencyTests.test_canonical_runtime_contract_modules_exist) ... ok
test_dashboard_workflow_has_one_render_entry_point (test_repository_consistency.RepositoryConsistencyTests.test_dashboard_workflow_has_one_render_entry_point) ... ok
test_forecast_workflow_uses_canonical_entry_point (test_repository_consistency.RepositoryConsistencyTests.test_forecast_workflow_uses_canonical_entry_point) ... ok
test_generated_artifacts_are_not_committed_to_main (test_repository_consistency.RepositoryConsistencyTests.test_generated_artifacts_are_not_committed_to_main) ... ok
test_github_runtime_does_not_redefine_strategy_parameters (test_repository_consistency.RepositoryConsistencyTests.test_github_runtime_does_not_redefine_strategy_parameters) ... ok
test_obsolete_local_ui_and_aliases_are_absent (test_repository_consistency.RepositoryConsistencyTests.test_obsolete_local_ui_and_aliases_are_absent) ... ok
test_removed_local_dashboard_settings_are_absent (test_repository_consistency.RepositoryConsistencyTests.test_removed_local_dashboard_settings_are_absent) ... ok
test_workflow_automation_contract (test_repository_consistency.RepositoryConsistencyTests.test_workflow_automation_contract) ... ok
test_contract_training_uses_directional_features (test_repository_quality.RepositoryQualityTests.test_contract_training_uses_directional_features) ... ok
test_dashboard_contains_project_identity (test_repository_quality.RepositoryQualityTests.test_dashboard_contains_project_identity) ... ok
test_fast_structure_engine_is_canonical (test_repository_quality.RepositoryQualityTests.test_fast_structure_engine_is_canonical) ... ok
test_forecast_workflow_uses_canonical_entry_point (test_repository_quality.RepositoryQualityTests.test_forecast_workflow_uses_canonical_entry_point) ... ok
test_model_configuration_requires_real_event_inventory (test_repository_quality.RepositoryQualityTests.test_model_configuration_requires_real_event_inventory) ... ok
test_obsolete_artifacts_are_absent (test_repository_quality.RepositoryQualityTests.test_obsolete_artifacts_are_absent) ... ok
test_professional_repository_files_exist (test_repository_quality.RepositoryQualityTests.test_professional_repository_files_exist) ... ok
test_readme_documents_directional_event_contract (test_repository_quality.RepositoryQualityTests.test_readme_documents_directional_event_contract) ... ok
test_readme_documents_immutable_outcomes (test_repository_quality.RepositoryQualityTests.test_readme_documents_immutable_outcomes) ... ok
test_readme_uses_repository_owned_animation (test_repository_quality.RepositoryQualityTests.test_readme_uses_repository_owned_animation) ... ok
test_repository_contains_no_persian_text (test_repository_quality.RepositoryQualityTests.test_repository_contains_no_persian_text) ... ok
test_schema_v5_model_rejects_legacy_artifacts (test_repository_quality.RepositoryQualityTests.test_schema_v5_model_rejects_legacy_artifacts) ... ok
test_training_contains_no_random_sampling (test_repository_quality.RepositoryQualityTests.test_training_contains_no_random_sampling) ... ok
test_chart_breaks_line_across_missing_workflow_hours (test_resilience_dashboard.ResilienceDashboardTests.test_chart_breaks_line_across_missing_workflow_hours) ... ok
test_gap_summary_counts_only_unpublished_hours (test_resilience_dashboard.ResilienceDashboardTests.test_gap_summary_counts_only_unpublished_hours) ... ok
test_missing_trade_assistant_artifact_requests_challenger (test_retrain_policy.RetrainPolicyTests.test_missing_trade_assistant_artifact_requests_challenger) ... ok
test_old_model_requests_retraining (test_retrain_policy.RetrainPolicyTests.test_old_model_requests_retraining) ... ok
test_online_outperformance_requests_retraining (test_retrain_policy.RetrainPolicyTests.test_online_outperformance_requests_retraining) ... ok
test_recent_healthy_model_remains_idle (test_retrain_policy.RetrainPolicyTests.test_recent_healthy_model_remains_idle) ... ok
test_stale_market_blocks_retraining_and_learning_cycle (test_retrain_policy.RetrainPolicyTests.test_stale_market_blocks_retraining_and_learning_cycle) ... ok
test_successful_dispatch_has_cooldown (test_retrain_policy.RetrainPolicyTests.test_successful_dispatch_has_cooldown) ... ok
test_continuous_history_is_preserved (test_runtime_history.RuntimeHistoryTests.test_continuous_history_is_preserved) ... ok
test_latest_contiguous_tail_discards_older_gap_history (test_runtime_history.RuntimeHistoryTests.test_latest_contiguous_tail_discards_older_gap_history) ... ok
test_expected_latest_closed_candle_uses_completed_hour (test_runtime_resilience.RuntimeResilienceTests.test_expected_latest_closed_candle_uses_completed_hour) ... ok
test_freshness_accepts_current_closed_candle (test_runtime_resilience.RuntimeResilienceTests.test_freshness_accepts_current_closed_candle) ... ok
test_freshness_rejects_multi_hour_stale_tail (test_runtime_resilience.RuntimeResilienceTests.test_freshness_rejects_multi_hour_stale_tail) ... ok
test_latest_contiguous_tail_discards_pre_gap_history (test_runtime_resilience.RuntimeResilienceTests.test_latest_contiguous_tail_discards_pre_gap_history) ... ok
test_cross_weekend_target_is_valid_when_hourly_path_exists (test_sample_policy.SamplePolicyTests.test_cross_weekend_target_is_valid_when_hourly_path_exists) ... ok
test_history_keeps_weekends_and_low_liquidity (test_sample_policy.SamplePolicyTests.test_history_keeps_weekends_and_low_liquidity) ... ok
test_low_liquidity_does_not_invalidate_labels (test_sample_policy.SamplePolicyTests.test_low_liquidity_does_not_invalidate_labels) ... ok
test_low_volume_is_downweighted_not_excluded (test_sample_policy.SamplePolicyTests.test_low_volume_is_downweighted_not_excluded) ... ok
test_real_market_gap_still_invalidates_target (test_sample_policy.SamplePolicyTests.test_real_market_gap_still_invalidates_target) ... ok
test_weekend_is_downweighted (test_sample_policy.SamplePolicyTests.test_weekend_is_downweighted) ... ok
test_weekend_low_volume_uses_minimum_weight_floor (test_sample_policy.SamplePolicyTests.test_weekend_low_volume_uses_minimum_weight_floor) ... ok
test_weekends_are_preserved_before_features (test_sample_policy.SamplePolicyTests.test_weekends_are_preserved_before_features) ... ok
test_missed_target_window_does_not_create_retroactive_forecast (test_secondary_forecast_isolation.SecondaryForecastIsolationTests.test_missed_target_window_does_not_create_retroactive_forecast) ... ok
test_unavailable_price_model_skips_secondary_contract (test_secondary_forecast_isolation.SecondaryForecastIsolationTests.test_unavailable_price_model_skips_secondary_contract) ... ok
test_missing_invalidation_uses_atr_stop_with_risk_penalty (test_strategy.StrategyRiskPolicyTests.test_missing_invalidation_uses_atr_stop_with_risk_penalty) ... ok
test_model_only_below_stress_cost_buffer_cannot_open (test_strategy.StrategyRiskPolicyTests.test_model_only_below_stress_cost_buffer_cannot_open) ... ok
test_model_only_without_qualification_cannot_open (test_strategy.StrategyRiskPolicyTests.test_model_only_without_qualification_cannot_open) ... ok
test_no_event_is_forecast_only_even_with_high_event_scores (test_strategy.StrategyRiskPolicyTests.test_no_event_is_forecast_only_even_with_high_event_scores) ... ok
test_stale_model_only_entry_is_blocked (test_strategy.StrategyRiskPolicyTests.test_stale_model_only_entry_is_blocked) ... ok
test_strong_qualified_event_receives_more_risk_than_weak_event (test_strategy.StrategyRiskPolicyTests.test_strong_qualified_event_receives_more_risk_than_weak_event) ... ok
test_unhealthy_market_data_remains_a_hard_blocker (test_strategy.StrategyRiskPolicyTests.test_unhealthy_market_data_remains_a_hard_blocker) ... ok
test_unqualified_down_model_signal_is_not_executed (test_strategy.StrategyRiskPolicyTests.test_unqualified_down_model_signal_is_not_executed) ... ok
test_unqualified_negative_edge_event_still_opens_with_scaled_risk (test_strategy.StrategyRiskPolicyTests.test_unqualified_negative_edge_event_still_opens_with_scaled_risk) ... ok
test_contract_is_bound_to_exact_future_close (test_strict_forecast_contract.StrictForecastContractTests.test_contract_is_bound_to_exact_future_close) ... ok
test_forecast_after_target_close_is_rejected (test_strict_forecast_contract.StrictForecastContractTests.test_forecast_after_target_close_is_rejected) ... ok
test_forecast_before_source_close_is_rejected (test_strict_forecast_contract.StrictForecastContractTests.test_forecast_before_source_close_is_rejected) ... ok
test_source_close_must_match_runtime_record (test_strict_forecast_contract.StrictForecastContractTests.test_source_close_must_match_runtime_record) ... ok
test_rerun_preserves_forecast_but_refreshes_execution_metadata (test_structural_runtime_contracts.StructuralRuntimeContractTests.test_rerun_preserves_forecast_but_refreshes_execution_metadata) ... ok
test_exact_timing_strip_uses_forecast_and_target_times (test_timing_dashboard.TimingDashboardTests.test_exact_timing_strip_uses_forecast_and_target_times) ... ok
test_advisory_meta_does_not_block_model_position (test_trade_assistant.TradeAssistantTests.test_advisory_meta_does_not_block_model_position) ... ok
test_live_pattern_memory_requires_repeated_resolved_mistakes (test_trade_assistant.TradeAssistantTests.test_live_pattern_memory_requires_repeated_resolved_mistakes) ... ok
test_meta_vector_is_fixed_finite_and_uses_candle_context (test_trade_assistant.TradeAssistantTests.test_meta_vector_is_fixed_finite_and_uses_candle_context) ... ok
test_pattern_penalty_shrinks_confidence_without_flipping (test_trade_assistant.TradeAssistantTests.test_pattern_penalty_shrinks_confidence_without_flipping) ... ok
test_precision_gate_blocks_unqualified_position (test_trade_assistant.TradeAssistantTests.test_precision_gate_blocks_unqualified_position) ... ok
test_qualified_gate_applies_horizon_aligned_exit (test_trade_assistant.TradeAssistantTests.test_qualified_gate_applies_horizon_aligned_exit) ... ok
test_static_bloom_contains_repeated_false_breakout_pattern (test_trade_assistant.TradeAssistantTests.test_static_bloom_contains_repeated_false_breakout_pattern) ... ok
test_closed_position_uses_immutable_realized_pnl (test_trade_dashboard.TradeDashboardTests.test_closed_position_uses_immutable_realized_pnl) ... ok
test_corrected_history_displays_corrected_win_loss (test_trade_dashboard.TradeDashboardTests.test_corrected_history_displays_corrected_win_loss) ... ok
test_ledger_contains_only_long_and_short_positions (test_trade_dashboard.TradeDashboardTests.test_ledger_contains_only_long_and_short_positions) ... ok
test_panel_concentrates_profit_first_position_evidence (test_trade_dashboard.TradeDashboardTests.test_panel_concentrates_profit_first_position_evidence) ... ok
test_gap_through_stop_uses_first_observable_price (test_trade_lifecycle.TradeLifecycleTests.test_gap_through_stop_uses_first_observable_price) ... ok
test_initial_plan_uses_five_r_target (test_trade_lifecycle.TradeLifecycleTests.test_initial_plan_uses_five_r_target) ... ok
test_legacy_resolver_never_uses_pre_entry_hour (test_trade_lifecycle.TradeLifecycleTests.test_legacy_resolver_never_uses_pre_entry_hour) ... ok
test_resolved_trade_updates_online_learner (test_trade_lifecycle.TradeLifecycleTests.test_resolved_trade_updates_online_learner) ... ok
test_target_hit_closes_trade (test_trade_lifecycle.TradeLifecycleTests.test_target_hit_closes_trade) ... ok
test_continuous_history_remains_one_segment (test_training_segments.TrainingSegmentationTests.test_continuous_history_remains_one_segment) ... ok
test_many_bounded_gaps_are_audited_not_rejected (test_training_segments.TrainingSegmentationTests.test_many_bounded_gaps_are_audited_not_rejected) ... ok
test_real_gap_creates_two_segments_without_fill (test_training_segments.TrainingSegmentationTests.test_real_gap_creates_two_segments_without_fill) ... ok
test_background_is_subtle_and_has_no_market_clutter (test_visual_dashboard.VisualDashboardTests.test_background_is_subtle_and_has_no_market_clutter) ... ok
test_styles_use_formal_cream_brown_gold_palette (test_visual_dashboard.VisualDashboardTests.test_styles_use_formal_cream_brown_gold_palette) ... ok
test_visual_layer_has_no_theme_toggle_or_persistent_theme_script (test_visual_dashboard.VisualDashboardTests.test_visual_layer_has_no_theme_toggle_or_persistent_theme_script) ... ok
test_all_workflows_are_valid_structured_yaml (test_workflow_integrity.WorkflowIntegrityTests.test_all_workflows_are_valid_structured_yaml) ... ok

----------------------------------------------------------------------
Ran 186 tests in 16.158s

OK
